  Determining projects to restore...
E:\COTHUY\COTHUYPRO\COTHUYPRO.csproj : warning NU1902: Package 'Azure.Identity' 1.10.3 has a known moderate severity vulnerability, https://github.com/advisories/GHSA-m5vv-6r4h-3vj9 [E:\COTHUY\COTHUYPRO\COTHUYPRO.sln]
E:\COTHUY\COTHUYPRO\COTHUYPRO.csproj : warning NU1902: Package 'Azure.Identity' 1.10.3 has a known moderate severity vulnerability, https://github.com/advisories/GHSA-wvxc-855f-jvrv [E:\COTHUY\COTHUYPRO\COTHUYPRO.sln]
E:\COTHUY\COTHUYPRO\COTHUYPRO.csproj : warning NU1902: Package 'Microsoft.Identity.Client' 4.56.0 has a known moderate severity vulnerability, https://github.com/advisories/GHSA-m5vv-6r4h-3vj9 [E:\COTHUY\COTHUYPRO\COTHUYPRO.sln]
E:\COTHUY\COTHUYPRO\COTHUYPRO.csproj : warning NU1901: Package 'Microsoft.Identity.Client' 4.56.0 has a known low severity vulnerability, https://github.com/advisories/GHSA-x674-v45j-fwxw [E:\COTHUY\COTHUYPRO\COTHUYPRO.sln]
  All projects are up-to-date for restore.
E:\COTHUY\COTHUYPRO\COTHUYPRO.csproj : warning NU1902: Package 'Azure.Identity' 1.10.3 has a known moderate severity vulnerability, https://github.com/advisories/GHSA-m5vv-6r4h-3vj9
E:\COTHUY\COTHUYPRO\COTHUYPRO.csproj : warning NU1902: Package 'Azure.Identity' 1.10.3 has a known moderate severity vulnerability, https://github.com/advisories/GHSA-wvxc-855f-jvrv
E:\COTHUY\COTHUYPRO\COTHUYPRO.csproj : warning NU1902: Package 'Microsoft.Identity.Client' 4.56.0 has a known moderate severity vulnerability, https://github.com/advisories/GHSA-m5vv-6r4h-3vj9
E:\COTHUY\COTHUYPRO\COTHUYPRO.csproj : warning NU1901: Package 'Microsoft.Identity.Client' 4.56.0 has a known low severity vulnerability, https://github.com/advisories/GHSA-x674-v45j-fwxw
E:\COTHUY\COTHUYPRO\Controllers\StudentController.cs(24,56): warning CS8602: Dereference of a possibly null reference. [E:\COTHUY\COTHUYPRO\COTHUYPRO.csproj]
E:\COTHUY\COTHUYPRO\Controllers\StudentController.cs(25,56): warning CS8602: Dereference of a possibly null reference. [E:\COTHUY\COTHUYPRO\COTHUYPRO.csproj]
E:\COTHUY\COTHUYPRO\Controllers\StudentController.cs(30,56): warning CS8602: Dereference of a possibly null reference. [E:\COTHUY\COTHUYPRO\COTHUYPRO.csproj]
E:\COTHUY\COTHUYPRO\Controllers\StudentController.cs(31,56): warning CS8602: Dereference of a possibly null reference. [E:\COTHUY\COTHUYPRO\COTHUYPRO.csproj]
E:\COTHUY\COTHUYPRO\Controllers\StudentController.cs(32,56): warning CS8602: Dereference of a possibly null reference. [E:\COTHUY\COTHUYPRO\COTHUYPRO.csproj]
E:\COTHUY\COTHUYPRO\Controllers\StudentController.cs(33,56): warning CS8602: Dereference of a possibly null reference. [E:\COTHUY\COTHUYPRO\COTHUYPRO.csproj]
E:\COTHUY\COTHUYPRO\Controllers\ChatController.cs(46,25): warning CS8600: Converting null literal or possible null value to non-nullable type. [E:\COTHUY\COTHUYPRO\COTHUYPRO.csproj]
E:\COTHUY\COTHUYPRO\Controllers\ChatController.cs(150,44): warning CS8600: Converting null literal or possible null value to non-nullable type. [E:\COTHUY\COTHUYPRO\COTHUYPRO.csproj]
E:\COTHUY\COTHUYPRO\Controllers\ChatController.cs(158,49): warning CS8600: Converting null literal or possible null value to non-nullable type. [E:\COTHUY\COTHUYPRO\COTHUYPRO.csproj]
E:\COTHUY\COTHUYPRO\Controllers\ChatController.cs(163,62): warning CS8604: Possible null reference argument for parameter 'retryDelay' in 'string FormatRetryDelay(string retryDelay)'. [E:\COTHUY\COTHUYPRO\COTHUYPRO.csproj]
E:\COTHUY\COTHUYPRO\Controllers\StudentController.cs(62,29): error CS1061: 'Lesson' does not contain a definition for 'OrderIndex' and no accessible extension method 'OrderIndex' accepting a first argument of type 'Lesson' could be found (are you missing a using directive or an assembly reference?) [E:\COTHUY\COTHUYPRO\COTHUYPRO.csproj]
E:\COTHUY\COTHUYPRO\Controllers\StudentController.cs(69,27): warning CS8619: Nullability of reference types in value of type '?' doesn't match target type 'dynamic'. [E:\COTHUY\COTHUYPRO\COTHUYPRO.csproj]
E:\COTHUY\COTHUYPRO\Controllers\InstructorController.cs(33,56): warning CS8602: Dereference of a possibly null reference. [E:\COTHUY\COTHUYPRO\COTHUYPRO.csproj]
E:\COTHUY\COTHUYPRO\Controllers\InstructorController.cs(34,56): warning CS8602: Dereference of a possibly null reference. [E:\COTHUY\COTHUYPRO\COTHUYPRO.csproj]
E:\COTHUY\COTHUYPRO\Controllers\InstructorController.cs(42,57): warning CS8602: Dereference of a possibly null reference. [E:\COTHUY\COTHUYPRO\COTHUYPRO.csproj]
E:\COTHUY\COTHUYPRO\Controllers\StudentController.cs(86,29): error CS1061: 'Lesson' does not contain a definition for 'OrderIndex' and no accessible extension method 'OrderIndex' accepting a first argument of type 'Lesson' could be found (are you missing a using directive or an assembly reference?) [E:\COTHUY\COTHUYPRO\COTHUYPRO.csproj]
E:\COTHUY\COTHUYPRO\Controllers\StudentController.cs(89,30): warning CS8619: Nullability of reference types in value of type '?' doesn't match target type 'dynamic'. [E:\COTHUY\COTHUYPRO\COTHUYPRO.csproj]
E:\COTHUY\COTHUYPRO\Views\Student\Lesson.cshtml(30,53): error CS1061: 'Lesson' does not contain a definition for 'Content' and no accessible extension method 'Content' accepting a first argument of type 'Lesson' could be found (are you missing a using directive or an assembly reference?) [E:\COTHUY\COTHUYPRO\COTHUYPRO.csproj]
E:\COTHUY\COTHUYPRO\Views\Student\Lesson.cshtml(36,41): error CS1061: 'Lesson' does not contain a definition for 'Content' and no accessible extension method 'Content' accepting a first argument of type 'Lesson' could be found (are you missing a using directive or an assembly reference?) [E:\COTHUY\COTHUYPRO\COTHUYPRO.csproj]
E:\COTHUY\COTHUYPRO\Views\Student\Lesson.cshtml(59,88): error CS1061: 'Lesson' does not contain a definition for 'OrderIndex' and no accessible extension method 'OrderIndex' accepting a first argument of type 'Lesson' could be found (are you missing a using directive or an assembly reference?) [E:\COTHUY\COTHUYPRO\COTHUYPRO.csproj]
E:\COTHUY\COTHUYPRO\Views\Student\Lesson.cshtml(54,40): warning CS8602: Dereference of a possibly null reference. [E:\COTHUY\COTHUYPRO\COTHUYPRO.csproj]
E:\COTHUY\COTHUYPRO\Views\Student\CourseDetail.cshtml(39,74): error CS1061: 'Lesson' does not contain a definition for 'OrderIndex' and no accessible extension method 'OrderIndex' accepting a first argument of type 'Lesson' could be found (are you missing a using directive or an assembly reference?) [E:\COTHUY\COTHUYPRO\COTHUYPRO.csproj]
E:\COTHUY\COTHUYPRO\Views\Student\CourseDetail.cshtml(62,30): warning CS8602: Dereference of a possibly null reference. [E:\COTHUY\COTHUYPRO\COTHUYPRO.csproj]

Build FAILED.

E:\COTHUY\COTHUYPRO\COTHUYPRO.csproj : warning NU1902: Package 'Azure.Identity' 1.10.3 has a known moderate severity vulnerability, https://github.com/advisories/GHSA-m5vv-6r4h-3vj9 [E:\COTHUY\COTHUYPRO\COTHUYPRO.sln]
E:\COTHUY\COTHUYPRO\COTHUYPRO.csproj : warning NU1902: Package 'Azure.Identity' 1.10.3 has a known moderate severity vulnerability, https://github.com/advisories/GHSA-wvxc-855f-jvrv [E:\COTHUY\COTHUYPRO\COTHUYPRO.sln]
E:\COTHUY\COTHUYPRO\COTHUYPRO.csproj : warning NU1902: Package 'Microsoft.Identity.Client' 4.56.0 has a known moderate severity vulnerability, https://github.com/advisories/GHSA-m5vv-6r4h-3vj9 [E:\COTHUY\COTHUYPRO\COTHUYPRO.sln]
E:\COTHUY\COTHUYPRO\COTHUYPRO.csproj : warning NU1901: Package 'Microsoft.Identity.Client' 4.56.0 has a known low severity vulnerability, https://github.com/advisories/GHSA-x674-v45j-fwxw [E:\COTHUY\COTHUYPRO\COTHUYPRO.sln]
E:\COTHUY\COTHUYPRO\COTHUYPRO.csproj : warning NU1902: Package 'Azure.Identity' 1.10.3 has a known moderate severity vulnerability, https://github.com/advisories/GHSA-m5vv-6r4h-3vj9
E:\COTHUY\COTHUYPRO\COTHUYPRO.csproj : warning NU1902: Package 'Azure.Identity' 1.10.3 has a known moderate severity vulnerability, https://github.com/advisories/GHSA-wvxc-855f-jvrv
E:\COTHUY\COTHUYPRO\COTHUYPRO.csproj : warning NU1902: Package 'Microsoft.Identity.Client' 4.56.0 has a known moderate severity vulnerability, https://github.com/advisories/GHSA-m5vv-6r4h-3vj9
E:\COTHUY\COTHUYPRO\COTHUYPRO.csproj : warning NU1901: Package 'Microsoft.Identity.Client' 4.56.0 has a known low severity vulnerability, https://github.com/advisories/GHSA-x674-v45j-fwxw
E:\COTHUY\COTHUYPRO\Controllers\StudentController.cs(24,56): warning CS8602: Dereference of a possibly null reference. [E:\COTHUY\COTHUYPRO\COTHUYPRO.csproj]
E:\COTHUY\COTHUYPRO\Controllers\StudentController.cs(25,56): warning CS8602: Dereference of a possibly null reference. [E:\COTHUY\COTHUYPRO\COTHUYPRO.csproj]
E:\COTHUY\COTHUYPRO\Controllers\StudentController.cs(30,56): warning CS8602: Dereference of a possibly null reference. [E:\COTHUY\COTHUYPRO\COTHUYPRO.csproj]
E:\COTHUY\COTHUYPRO\Controllers\StudentController.cs(31,56): warning CS8602: Dereference of a possibly null reference. [E:\COTHUY\COTHUYPRO\COTHUYPRO.csproj]
E:\COTHUY\COTHUYPRO\Controllers\StudentController.cs(32,56): warning CS8602: Dereference of a possibly null reference. [E:\COTHUY\COTHUYPRO\COTHUYPRO.csproj]
E:\COTHUY\COTHUYPRO\Controllers\StudentController.cs(33,56): warning CS8602: Dereference of a possibly null reference. [E:\COTHUY\COTHUYPRO\COTHUYPRO.csproj]
E:\COTHUY\COTHUYPRO\Controllers\ChatController.cs(46,25): warning CS8600: Converting null literal or possible null value to non-nullable type. [E:\COTHUY\COTHUYPRO\COTHUYPRO.csproj]
E:\COTHUY\COTHUYPRO\Controllers\ChatController.cs(150,44): warning CS8600: Converting null literal or possible null value to non-nullable type. [E:\COTHUY\COTHUYPRO\COTHUYPRO.csproj]
E:\COTHUY\COTHUYPRO\Controllers\ChatController.cs(158,49): warning CS8600: Converting null literal or possible null value to non-nullable type. [E:\COTHUY\COTHUYPRO\COTHUYPRO.csproj]
E:\COTHUY\COTHUYPRO\Controllers\ChatController.cs(163,62): warning CS8604: Possible null reference argument for parameter 'retryDelay' in 'string FormatRetryDelay(string retryDelay)'. [E:\COTHUY\COTHUYPRO\COTHUYPRO.csproj]
E:\COTHUY\COTHUYPRO\Controllers\StudentController.cs(69,27): warning CS8619: Nullability of reference types in value of type '?' doesn't match target type 'dynamic'. [E:\COTHUY\COTHUYPRO\COTHUYPRO.csproj]
E:\COTHUY\COTHUYPRO\Controllers\InstructorController.cs(33,56): warning CS8602: Dereference of a possibly null reference. [E:\COTHUY\COTHUYPRO\COTHUYPRO.csproj]
E:\COTHUY\COTHUYPRO\Controllers\InstructorController.cs(34,56): warning CS8602: Dereference of a possibly null reference. [E:\COTHUY\COTHUYPRO\COTHUYPRO.csproj]
E:\COTHUY\COTHUYPRO\Controllers\InstructorController.cs(42,57): warning CS8602: Dereference of a possibly null reference. [E:\COTHUY\COTHUYPRO\COTHUYPRO.csproj]
E:\COTHUY\COTHUYPRO\Controllers\StudentController.cs(89,30): warning CS8619: Nullability of reference types in value of type '?' doesn't match target type 'dynamic'. [E:\COTHUY\COTHUYPRO\COTHUYPRO.csproj]
E:\COTHUY\COTHUYPRO\Views\Student\Lesson.cshtml(54,40): warning CS8602: Dereference of a possibly null reference. [E:\COTHUY\COTHUYPRO\COTHUYPRO.csproj]
E:\COTHUY\COTHUYPRO\Views\Student\CourseDetail.cshtml(62,30): warning CS8602: Dereference of a possibly null reference. [E:\COTHUY\COTHUYPRO\COTHUYPRO.csproj]
E:\COTHUY\COTHUYPRO\Controllers\StudentController.cs(62,29): error CS1061: 'Lesson' does not contain a definition for 'OrderIndex' and no accessible extension method 'OrderIndex' accepting a first argument of type 'Lesson' could be found (are you missing a using directive or an assembly reference?) [E:\COTHUY\COTHUYPRO\COTHUYPRO.csproj]
E:\COTHUY\COTHUYPRO\Controllers\StudentController.cs(86,29): error CS1061: 'Lesson' does not contain a definition for 'OrderIndex' and no accessible extension method 'OrderIndex' accepting a first argument of type 'Lesson' could be found (are you missing a using directive or an assembly reference?) [E:\COTHUY\COTHUYPRO\COTHUYPRO.csproj]
E:\COTHUY\COTHUYPRO\Views\Student\Lesson.cshtml(30,53): error CS1061: 'Lesson' does not contain a definition for 'Content' and no accessible extension method 'Content' accepting a first argument of type 'Lesson' could be found (are you missing a using directive or an assembly reference?) [E:\COTHUY\COTHUYPRO\COTHUYPRO.csproj]
E:\COTHUY\COTHUYPRO\Views\Student\Lesson.cshtml(36,41): error CS1061: 'Lesson' does not contain a definition for 'Content' and no accessible extension method 'Content' accepting a first argument of type 'Lesson' could be found (are you missing a using directive or an assembly reference?) [E:\COTHUY\COTHUYPRO\COTHUYPRO.csproj]
E:\COTHUY\COTHUYPRO\Views\Student\Lesson.cshtml(59,88): error CS1061: 'Lesson' does not contain a definition for 'OrderIndex' and no accessible extension method 'OrderIndex' accepting a first argument of type 'Lesson' could be found (are you missing a using directive or an assembly reference?) [E:\COTHUY\COTHUYPRO\COTHUYPRO.csproj]
E:\COTHUY\COTHUYPRO\Views\Student\CourseDetail.cshtml(39,74): error CS1061: 'Lesson' does not contain a definition for 'OrderIndex' and no accessible extension method 'OrderIndex' accepting a first argument of type 'Lesson' could be found (are you missing a using directive or an assembly reference?) [E:\COTHUY\COTHUYPRO\COTHUYPRO.csproj]
    25 Warning(s)
    6 Error(s)

Time Elapsed 00:00:02.84
